---
source: crates/gossamer-diagnostics/tests/snapshots.rs
expression: rendered
---
--- plain ---
error[GP0033]: A repeat literal is a fixed array, written `#[value; count]`. Bare brackets build a Vec from the elements listed inside them. - here
--- framed ---
error[GP0033]: A repeat literal is a fixed array, written `#[value; count]`. Bare brackets build a Vec from the elements listed inside them.
  --> snap.gos:2:5
     2 |     let x = 1
       |     ^^^^^
     error: here
