---
source: crates/gossamer-diagnostics/tests/snapshots.rs
expression: rendered
---
--- plain ---
error[GP0025]: A formatting macro was written as a `|>` step. A macro takes its - here
--- framed ---
error[GP0025]: A formatting macro was written as a `|>` step. A macro takes its
  --> snap.gos:2:5
     2 |     let x = 1
       |     ^^^^^
     error: here
