---
source: crates/gossamer-diagnostics/tests/snapshots.rs
expression: rendered
---
--- plain ---
error[GP0027]: `$` was written where an expression belongs. It used to spell the - here
--- framed ---
error[GP0027]: `$` was written where an expression belongs. It used to spell the
  --> snap.gos:2:5
     2 |     let x = 1
       |     ^^^^^
     error: here
