---
source: crates/gossamer-diagnostics/tests/snapshots.rs
expression: rendered
---
--- plain ---
error[GT0068]: A traversal method was named on a collection. A collection holds - here
--- framed ---
error[GT0068]: A traversal method was named on a collection. A collection holds
  --> snap.gos:2:5
     2 |     let x = 1
       |     ^^^^^
     error: here
